==================== 2026-07-08T06:44:48.376088Z | 019f4078-d476-7001-9598-22f71c83ac52 ====================
06:44:48.376495 [warn ]: [DocsGenerateWarning (dbt1705)]: `dbt docs generate` is not supported. Use `dbt compile --write-catalog` to write catalog.json. To host docs locally, use the dbt Core index.html with catalog.json and manifest.json in the same directory: https://github.com/dbt-labs/dbt-core/blob/main/core/dbt/task/docs/index.html
06:44:49.053635 [info ]: 
==================== Execution Summary =====================
Finished 'docs' with 1 warning [677ms]
[0m16:28:45.384584 [debug] [MainThread]: Sending event: {'category': 'dbt', 'action': 'invocation', 'label': 'start', 'context': [<snowplow_tracker.self_describing_json.SelfDescribingJson object at 0x106d85b50>, <snowplow_tracker.self_describing_json.SelfDescribingJson object at 0x106d696d0>, <snowplow_tracker.self_describing_json.SelfDescribingJson object at 0x106dfca70>]}


============================== 16:28:45.386814 | a586ee19-3ce9-499c-a002-d252e717c8db ==============================
[0m16:28:45.386814 [info ] [MainThread]: Running with dbt=1.12.3
[0m16:28:45.387065 [debug] [MainThread]: running dbt with arguments {'hints_enabled': 'True', 'warn_error_options': 'WarnErrorOptionsV2(error=[], warn=[], silence=[])', 'target_path': 'None', 'introspect': 'True', 'invocation_command': 'dbt debug', 'partial_parse': 'True', 'log_cache_events': 'False', 'no_print': 'None', 'log_format': 'default', 'warn_error': 'None', 'static_parser': 'True', 'debug': 'False', 'fail_fast': 'False', 'send_anonymous_usage_stats': 'True', 'version_check': 'True', 'write_json': 'True', 'maximum_seed_size_mib': '1', 'indirect_selection': 'eager', 'cache_selected_only': 'False', 'quiet': 'False', 'use_experimental_parser': 'False', 'empty': 'None', 'use_colors': 'True', 'log_path': 'logs', 'profiles_dir': '/Users/uramasaharu/.dbt', 'printer_width': '80'}
[0m16:28:45.395804 [info ] [MainThread]: dbt version: 1.12.3
[0m16:28:45.396020 [info ] [MainThread]: python version: 3.12.0
[0m16:28:45.396154 [info ] [MainThread]: python path: /Users/uramasaharu/Documents/develop/gachi_dataengineer_pj/04_logistics_ver2/venv/bin/python3.12
[0m16:28:45.396272 [info ] [MainThread]: os info: macOS-26.5.2-arm64-arm-64bit
[0m16:28:46.339296 [debug] [MainThread]: Snowflake adapter: Setting snowflake.connector to ERROR (file logging only)
[0m16:28:46.340281 [debug] [MainThread]: Snowflake adapter: Setting botocore to ERROR (file logging only)
[0m16:28:46.340672 [debug] [MainThread]: Snowflake adapter: Setting boto3 to ERROR (file logging only)
[0m16:28:46.410405 [info ] [MainThread]: Error importing adapter: No module named 'dbt.adapters.duckdb'
[0m16:28:46.411906 [info ] [MainThread]: Using profiles dir at /Users/uramasaharu/.dbt
[0m16:28:46.412065 [info ] [MainThread]: Using profiles.yml file at /Users/uramasaharu/.dbt/profiles.yml
[0m16:28:46.412187 [info ] [MainThread]: Using dbt_project.yml file at /Users/uramasaharu/Documents/develop/gachi_dataengineer_pj/04_logistics_ver2/dbt_project.yml
[0m16:28:46.412305 [info ] [MainThread]: Configuration:
[0m16:28:46.412415 [info ] [MainThread]:   profiles.yml file [[31mERROR invalid[0m]
[0m16:28:46.412525 [info ] [MainThread]:   dbt_project.yml file [[31mERROR not found[0m]
[0m16:28:46.412628 [info ] [MainThread]: Required dependencies:
[0m16:28:46.412773 [debug] [MainThread]: Executing "git --help"
[0m16:28:46.426266 [debug] [MainThread]: STDOUT: "b"usage: git [-v | --version] [-h | --help] [-C <path>] [-c <name>=<value>]\n           [--exec-path[=<path>]] [--html-path] [--man-path] [--info-path]\n           [-p | --paginate | -P | --no-pager] [--no-replace-objects] [--no-lazy-fetch]\n           [--no-optional-locks] [--no-advice] [--bare] [--git-dir=<path>]\n           [--work-tree=<path>] [--namespace=<name>] [--config-env=<name>=<envvar>]\n           <command> [<args>]\n\nThese are common Git commands used in various situations:\n\nstart a working area (see also: git help tutorial)\n   clone      Clone a repository into a new directory\n   init       Create an empty Git repository or reinitialize an existing one\n\nwork on the current change (see also: git help everyday)\n   add        Add file contents to the index\n   mv         Move or rename a file, a directory, or a symlink\n   restore    Restore working tree files\n   rm         Remove files from the working tree and from the index\n\nexamine the history and state (see also: git help revisions)\n   bisect     Use binary search to find the commit that introduced a bug\n   diff       Show changes between commits, commit and working tree, etc\n   grep       Print lines matching a pattern\n   log        Show commit logs\n   show       Show various types of objects\n   status     Show the working tree status\n\ngrow, mark and tweak your common history\n   backfill   Download missing objects in a partial clone\n   branch     List, create, or delete branches\n   commit     Record changes to the repository\n   merge      Join two or more development histories together\n   rebase     Reapply commits on top of another base tip\n   reset      Reset current HEAD to the specified state\n   switch     Switch branches\n   tag        Create, list, delete or verify a tag object signed with GPG\n\ncollaborate (see also: git help workflows)\n   fetch      Download objects and refs from another repository\n   pull       Fetch from and integrate with another repository or a local branch\n   push       Update remote refs along with associated objects\n\n'git help -a' and 'git help -g' list available subcommands and some\nconcept guides. See 'git help <command>' or 'git help <concept>'\nto read about a specific subcommand or concept.\nSee 'git help git' for an overview of the system.\n""
[0m16:28:46.426866 [debug] [MainThread]: STDERR: "b''"
[0m16:28:46.427054 [info ] [MainThread]:  - git [[32mOK found[0m]

[0m16:28:46.427205 [info ] [MainThread]: Connection test skipped since no profile was found
[0m16:28:46.427399 [info ] [MainThread]: [31m2 checks failed:[0m
[0m16:28:46.427519 [info ] [MainThread]: Could not load dbt_project.yml
Profile loading failed for the following reason:
Runtime Error
  Credentials in profile "macro_project", target "dev" invalid: Runtime Error
    Could not find adapter type duckdb!


[0m16:28:46.427635 [info ] [MainThread]: Project loading failed for the following reason:
 project path </Users/uramasaharu/Documents/develop/gachi_dataengineer_pj/04_logistics_ver2/dbt_project.yml> not found

[0m16:28:46.435887 [debug] [MainThread]: Resource report: {"command_name": "debug", "command_success": false, "command_wall_clock_time": 1.089729, "process_in_blocks": "0", "process_kernel_time": 0.19453, "process_mem_max_rss": "152780800", "process_out_blocks": "0", "process_user_time": 0.782365}
[0m16:28:46.436501 [debug] [MainThread]: Command `dbt debug` failed at 16:28:46.436444 after 1.09 seconds
[0m16:28:46.436756 [debug] [MainThread]: Sending event: {'category': 'dbt', 'action': 'invocation', 'label': 'end', 'context': [<snowplow_tracker.self_describing_json.SelfDescribingJson object at 0x106c7b230>, <snowplow_tracker.self_describing_json.SelfDescribingJson object at 0x108f9d700>, <snowplow_tracker.self_describing_json.SelfDescribingJson object at 0x108ad12b0>]}
[0m16:28:46.436970 [debug] [MainThread]: Flushing usage events
[0m16:28:47.977412 [debug] [MainThread]: An error was encountered while trying to flush usage events
[0m16:29:41.341859 [debug] [MainThread]: Sending event: {'category': 'dbt', 'action': 'invocation', 'label': 'start', 'context': [<snowplow_tracker.self_describing_json.SelfDescribingJson object at 0x1075b98b0>, <snowplow_tracker.self_describing_json.SelfDescribingJson object at 0x118401040>, <snowplow_tracker.self_describing_json.SelfDescribingJson object at 0x118400ad0>]}


============================== 16:29:41.343811 | 2fb92287-159b-4ba5-a96f-00e79c6e43fa ==============================
[0m16:29:41.343811 [info ] [MainThread]: Running with dbt=1.12.3
[0m16:29:41.344069 [debug] [MainThread]: running dbt with arguments {'invocation_command': 'dbt debug', 'cache_selected_only': 'False', 'warn_error': 'None', 'partial_parse': 'True', 'empty': 'None', 'log_cache_events': 'False', 'log_path': 'logs', 'indirect_selection': 'eager', 'static_parser': 'True', 'use_experimental_parser': 'False', 'log_format': 'default', 'write_json': 'True', 'no_print': 'None', 'introspect': 'True', 'quiet': 'False', 'target_path': 'None', 'version_check': 'True', 'maximum_seed_size_mib': '1', 'printer_width': '80', 'warn_error_options': 'WarnErrorOptionsV2(error=[], warn=[], silence=[])', 'fail_fast': 'False', 'hints_enabled': 'True', 'profiles_dir': '/Users/uramasaharu/.dbt', 'send_anonymous_usage_stats': 'True', 'use_colors': 'True', 'debug': 'False'}
[0m16:29:41.352246 [info ] [MainThread]: dbt version: 1.12.3
[0m16:29:41.352417 [info ] [MainThread]: python version: 3.12.0
[0m16:29:41.352536 [info ] [MainThread]: python path: /Users/uramasaharu/Documents/develop/gachi_dataengineer_pj/04_logistics_ver2/venv/bin/python3.12
[0m16:29:41.352643 [info ] [MainThread]: os info: macOS-26.5.2-arm64-arm-64bit
[0m16:29:41.517992 [debug] [MainThread]: Snowflake adapter: Setting snowflake.connector to ERROR (file logging only)
[0m16:29:41.518217 [debug] [MainThread]: Snowflake adapter: Setting botocore to ERROR (file logging only)
[0m16:29:41.518344 [debug] [MainThread]: Snowflake adapter: Setting boto3 to ERROR (file logging only)
[0m16:29:41.563106 [info ] [MainThread]: Error importing adapter: No module named 'dbt.adapters.duckdb'
[0m16:29:41.564505 [info ] [MainThread]: Using profiles dir at /Users/uramasaharu/.dbt
[0m16:29:41.564661 [info ] [MainThread]: Using profiles.yml file at /Users/uramasaharu/.dbt/profiles.yml
[0m16:29:41.564777 [info ] [MainThread]: Using dbt_project.yml file at /Users/uramasaharu/Documents/develop/gachi_dataengineer_pj/04_logistics_ver2/dbt_project.yml
[0m16:29:41.564896 [info ] [MainThread]: Configuration:
[0m16:29:41.565003 [info ] [MainThread]:   profiles.yml file [[31mERROR invalid[0m]
[0m16:29:41.565114 [info ] [MainThread]:   dbt_project.yml file [[31mERROR not found[0m]
[0m16:29:41.565218 [info ] [MainThread]: Required dependencies:
[0m16:29:41.565365 [debug] [MainThread]: Executing "git --help"
[0m16:29:41.577479 [debug] [MainThread]: STDOUT: "b"usage: git [-v | --version] [-h | --help] [-C <path>] [-c <name>=<value>]\n           [--exec-path[=<path>]] [--html-path] [--man-path] [--info-path]\n           [-p | --paginate | -P | --no-pager] [--no-replace-objects] [--no-lazy-fetch]\n           [--no-optional-locks] [--no-advice] [--bare] [--git-dir=<path>]\n           [--work-tree=<path>] [--namespace=<name>] [--config-env=<name>=<envvar>]\n           <command> [<args>]\n\nThese are common Git commands used in various situations:\n\nstart a working area (see also: git help tutorial)\n   clone      Clone a repository into a new directory\n   init       Create an empty Git repository or reinitialize an existing one\n\nwork on the current change (see also: git help everyday)\n   add        Add file contents to the index\n   mv         Move or rename a file, a directory, or a symlink\n   restore    Restore working tree files\n   rm         Remove files from the working tree and from the index\n\nexamine the history and state (see also: git help revisions)\n   bisect     Use binary search to find the commit that introduced a bug\n   diff       Show changes between commits, commit and working tree, etc\n   grep       Print lines matching a pattern\n   log        Show commit logs\n   show       Show various types of objects\n   status     Show the working tree status\n\ngrow, mark and tweak your common history\n   backfill   Download missing objects in a partial clone\n   branch     List, create, or delete branches\n   commit     Record changes to the repository\n   merge      Join two or more development histories together\n   rebase     Reapply commits on top of another base tip\n   reset      Reset current HEAD to the specified state\n   switch     Switch branches\n   tag        Create, list, delete or verify a tag object signed with GPG\n\ncollaborate (see also: git help workflows)\n   fetch      Download objects and refs from another repository\n   pull       Fetch from and integrate with another repository or a local branch\n   push       Update remote refs along with associated objects\n\n'git help -a' and 'git help -g' list available subcommands and some\nconcept guides. See 'git help <command>' or 'git help <concept>'\nto read about a specific subcommand or concept.\nSee 'git help git' for an overview of the system.\n""
[0m16:29:41.577860 [debug] [MainThread]: STDERR: "b''"
[0m16:29:41.578001 [info ] [MainThread]:  - git [[32mOK found[0m]

[0m16:29:41.578134 [info ] [MainThread]: Connection test skipped since no profile was found
[0m16:29:41.578315 [info ] [MainThread]: [31m2 checks failed:[0m
[0m16:29:41.578435 [info ] [MainThread]: Could not load dbt_project.yml
Profile loading failed for the following reason:
Runtime Error
  Credentials in profile "macro_project", target "dev" invalid: Runtime Error
    Could not find adapter type duckdb!


[0m16:29:41.578551 [info ] [MainThread]: Project loading failed for the following reason:
 project path </Users/uramasaharu/Documents/develop/gachi_dataengineer_pj/04_logistics_ver2/dbt_project.yml> not found

[0m16:29:41.579835 [debug] [MainThread]: Resource report: {"command_name": "debug", "command_success": false, "command_wall_clock_time": 0.2735836, "process_in_blocks": "0", "process_kernel_time": 0.139903, "process_mem_max_rss": "154517504", "process_out_blocks": "0", "process_user_time": 0.684361}
[0m16:29:41.580264 [debug] [MainThread]: Command `dbt debug` failed at 16:29:41.580225 after 0.27 seconds
[0m16:29:41.580457 [debug] [MainThread]: Sending event: {'category': 'dbt', 'action': 'invocation', 'label': 'end', 'context': [<snowplow_tracker.self_describing_json.SelfDescribingJson object at 0x118bbd6a0>, <snowplow_tracker.self_describing_json.SelfDescribingJson object at 0x11a276000>, <snowplow_tracker.self_describing_json.SelfDescribingJson object at 0x118385be0>]}
[0m16:29:41.580623 [debug] [MainThread]: Flushing usage events
[0m16:29:42.310243 [debug] [MainThread]: An error was encountered while trying to flush usage events
{"data":{"log_version":3,"version":"=2.0.0-preview.205"},"info":{"category":"","code":"A001","extra":{},"invocation_id":"01a02864-0bb1-7092-9a89-332d1d413ba6","level":"info","msg":"Running with dbt-fusion=2.0.0-preview.205","name":"MainReportVersion","pid":73727,"thread":"tokio-rt-worker","ts":"2026-08-22T07:34:00.382305Z"}}
{"data":{"args":{"debug":"false","invocation_command":"/Users/uramasaharu/.local/bin/dbt license info --json --log-format json","log_format":"json","quiet":"false","write_json":"true"}},"info":{"category":"","code":"A002","extra":{},"invocation_id":"01a02864-0bb1-7092-9a89-332d1d413ba6","level":"debug","msg":"running dbt-fusion with arguments {\"command\":\"license\",\"vars\":\"{}\",\"limit\":\"10\",\"debug\":false,\"log_format\":\"json\",\"quiet\":false,\"write_json\":true,\"write_catalog\":false,\"manage_state\":false}","name":"MainReportArgs","pid":73727,"thread":"tokio-rt-worker","ts":"2026-08-22T07:34:00.382480Z"}}
{"data":{},"info":{"category":"","code":"","extra":{},"invocation_id":"01a02864-0bb1-7092-9a89-332d1d413ba6","level":"debug","msg":"No platform credentials found, skipping remote license","name":"Generic","pid":73727,"thread":"tokio-rt-worker","ts":"2026-08-22T07:34:00.485994Z"}}
{"data":{},"info":{"category":"","code":"","extra":{},"invocation_id":"01a02864-0bb1-7092-9a89-332d1d413ba6","level":"debug","msg":"Trial license from file /Users/uramasaharu/.dbt/license.trial is expired","name":"Generic","pid":73727,"thread":"tokio-rt-worker","ts":"2026-08-22T07:34:00.488768Z"}}
{"data":{"columns":[],"is_inline":true,"node_name":"license_info","output_format":"json","preview":"{\n  \"status\": \"trial_expired\",\n  \"licensing_enabled\": true,\n  \"expires_at\": \"2026-06-20T11:25:22+00:00\",\n  \"license_type\": \"trial\"\n}","unique_id":"license.info"},"info":{"category":"","code":"Q041","extra":{},"invocation_id":"01a02864-0bb1-7092-9a89-332d1d413ba6","level":"info","msg":"{\n  \"status\": \"trial_expired\",\n  \"licensing_enabled\": true,\n  \"expires_at\": \"2026-06-20T11:25:22+00:00\",\n  \"license_type\": \"trial\"\n}","name":"ShowNode","pid":73727,"thread":"tokio-rt-worker","ts":"2026-08-22T07:34:00.488939Z"}}
{"data":{"completed_at":"2026-08-22T07:34:00.916716Z","elapsed":0.5358110070228577,"success":true},"info":{"category":"","code":"Q039","extra":{},"invocation_id":"01a02864-0bb1-7092-9a89-332d1d413ba6","level":"info","msg":"\n==================== Execution Summary =====================\nFinished 'license' successfully [535ms]","name":"CommandCompleted","pid":73727,"thread":"tokio-rt-worker","ts":"2026-08-22T07:34:00.917548Z"}}
{"data":{"log_version":3,"version":"=2.0.0-preview.205"},"info":{"category":"","code":"A001","extra":{},"invocation_id":"01a02881-a1a9-74d1-a208-e6a5eeb54ae1","level":"info","msg":"Running with dbt-fusion=2.0.0-preview.205","name":"MainReportVersion","pid":77582,"thread":"tokio-rt-worker","ts":"2026-08-22T08:06:19.310805Z"}}
{"data":{"args":{"debug":"false","invocation_command":"/Users/uramasaharu/.local/bin/dbt license info --json --log-format json","log_format":"json","quiet":"false","write_json":"true"}},"info":{"category":"","code":"A002","extra":{},"invocation_id":"01a02881-a1a9-74d1-a208-e6a5eeb54ae1","level":"debug","msg":"running dbt-fusion with arguments {\"command\":\"license\",\"vars\":\"{}\",\"limit\":\"10\",\"debug\":false,\"log_format\":\"json\",\"quiet\":false,\"write_json\":true,\"write_catalog\":false,\"manage_state\":false}","name":"MainReportArgs","pid":77582,"thread":"tokio-rt-worker","ts":"2026-08-22T08:06:19.310816Z"}}
{"data":{},"info":{"category":"","code":"","extra":{},"invocation_id":"01a02881-a1a9-74d1-a208-e6a5eeb54ae1","level":"debug","msg":"No platform credentials found, skipping remote license","name":"Generic","pid":77582,"thread":"tokio-rt-worker","ts":"2026-08-22T08:06:19.409767Z"}}
{"data":{},"info":{"category":"","code":"","extra":{},"invocation_id":"01a02881-a1a9-74d1-a208-e6a5eeb54ae1","level":"debug","msg":"Trial license from file /Users/uramasaharu/.dbt/license.trial is expired","name":"Generic","pid":77582,"thread":"tokio-rt-worker","ts":"2026-08-22T08:06:19.411989Z"}}
{"data":{"columns":[],"is_inline":true,"node_name":"license_info","output_format":"json","preview":"{\n  \"status\": \"trial_expired\",\n  \"licensing_enabled\": true,\n  \"expires_at\": \"2026-06-20T11:25:22+00:00\",\n  \"license_type\": \"trial\"\n}","unique_id":"license.info"},"info":{"category":"","code":"Q041","extra":{},"invocation_id":"01a02881-a1a9-74d1-a208-e6a5eeb54ae1","level":"info","msg":"{\n  \"status\": \"trial_expired\",\n  \"licensing_enabled\": true,\n  \"expires_at\": \"2026-06-20T11:25:22+00:00\",\n  \"license_type\": \"trial\"\n}","name":"ShowNode","pid":77582,"thread":"tokio-rt-worker","ts":"2026-08-22T08:06:19.412072Z"}}
{"data":{"completed_at":"2026-08-22T08:06:19.847060Z","elapsed":0.5367110371589661,"success":true},"info":{"category":"","code":"Q039","extra":{},"invocation_id":"01a02881-a1a9-74d1-a208-e6a5eeb54ae1","level":"info","msg":"\n==================== Execution Summary =====================\nFinished 'license' successfully [536ms]","name":"CommandCompleted","pid":77582,"thread":"tokio-rt-worker","ts":"2026-08-22T08:06:19.848028Z"}}
{"data":{"log_version":3,"version":"=2.0.0-preview.205"},"info":{"category":"","code":"A001","extra":{},"invocation_id":"01a02891-1ca4-7e10-bf35-a7e6705e1dbd","level":"info","msg":"Running with dbt-fusion=2.0.0-preview.205","name":"MainReportVersion","pid":80190,"thread":"tokio-rt-worker","ts":"2026-08-22T08:23:13.845286Z"}}
{"data":{"args":{"debug":"false","invocation_command":"/Users/uramasaharu/.local/bin/dbt license info --json --log-format json","log_format":"json","quiet":"false","write_json":"true"}},"info":{"category":"","code":"A002","extra":{},"invocation_id":"01a02891-1ca4-7e10-bf35-a7e6705e1dbd","level":"debug","msg":"running dbt-fusion with arguments {\"command\":\"license\",\"vars\":\"{}\",\"limit\":\"10\",\"debug\":false,\"log_format\":\"json\",\"quiet\":false,\"write_json\":true,\"write_catalog\":false,\"manage_state\":false}","name":"MainReportArgs","pid":80190,"thread":"tokio-rt-worker","ts":"2026-08-22T08:23:13.845696Z"}}
{"data":{},"info":{"category":"","code":"","extra":{},"invocation_id":"01a02891-1ca4-7e10-bf35-a7e6705e1dbd","level":"debug","msg":"No platform credentials found, skipping remote license","name":"Generic","pid":80190,"thread":"tokio-rt-worker","ts":"2026-08-22T08:23:13.961143Z"}}
{"data":{},"info":{"category":"","code":"","extra":{},"invocation_id":"01a02891-1ca4-7e10-bf35-a7e6705e1dbd","level":"debug","msg":"Trial license from file /Users/uramasaharu/.dbt/license.trial is expired","name":"Generic","pid":80190,"thread":"tokio-rt-worker","ts":"2026-08-22T08:23:13.964875Z"}}
{"data":{"columns":[],"is_inline":true,"node_name":"license_info","output_format":"json","preview":"{\n  \"status\": \"trial_expired\",\n  \"licensing_enabled\": true,\n  \"expires_at\": \"2026-06-20T11:25:22+00:00\",\n  \"license_type\": \"trial\"\n}","unique_id":"license.info"},"info":{"category":"","code":"Q041","extra":{},"invocation_id":"01a02891-1ca4-7e10-bf35-a7e6705e1dbd","level":"info","msg":"{\n  \"status\": \"trial_expired\",\n  \"licensing_enabled\": true,\n  \"expires_at\": \"2026-06-20T11:25:22+00:00\",\n  \"license_type\": \"trial\"\n}","name":"ShowNode","pid":80190,"thread":"tokio-rt-worker","ts":"2026-08-22T08:23:13.965125Z"}}
{"data":{"completed_at":"2026-08-22T08:23:14.920812Z","elapsed":1.0771609544754028,"success":true},"info":{"category":"","code":"Q039","extra":{},"invocation_id":"01a02891-1ca4-7e10-bf35-a7e6705e1dbd","level":"info","msg":"\n==================== Execution Summary =====================\nFinished 'license' successfully [1.1s]","name":"CommandCompleted","pid":80190,"thread":"tokio-rt-worker","ts":"2026-08-22T08:23:14.921421Z"}}
