==================== 2026-08-22T07:35:06.476096Z | 00000000-0000-0000-0000-000000000000 ====================
==================== 2026-08-22T07:35:06.476453Z | 1cd59435-798a-407a-a3bd-f72d132d93ab ====================
07:35:06.477065 [info ]: Starting dbt LSP server
07:35:06.477376 [info ]: Connecting to LSP client on port 8000
07:35:06.477728 [info ]: Successfully connected to LSP client
07:35:06.477772 [info ]: Creating LSP service...
07:35:06.481538 [info ]: Creating LSP server...
07:35:06.481543 [info ]: Starting LSP server...
07:35:06.506586 [info ]: Loading ~/.dbt/profiles.yml
07:35:06.536555 [info ]: Started loading project
07:35:06.540184 [info ]: Loading ~/.dbt/profiles.yml
07:35:06.638432 [info ]:    Started resolving packages from packages.yml
07:35:06.718692 [info ]:   Finished [  0.08s] resolving packages from packages.yml (2 items)
07:35:06.719924 [debug]:    Started loading packages
07:35:06.723618 [debug]:     Loaded [  0.00s] packages
07:35:06.726697 [info ]: Finished loading project [  0.19s]
07:35:06.729411 [info ]: Started parsing
07:35:06.772433 [debug]: Finished parsing models/intermediate/_schema.yml [  0.00s]
07:35:06.772944 [debug]: Finished parsing models/staging/_schema.yml [  0.00s]
07:35:06.773667 [debug]: Finished parsing models/staging/_src__KAGGLE_LOGISTICS.yml [  0.00s]
07:35:06.788538 [debug]: Finished parsing models/intermediate/int__FCT_AGG_FUEL_PRICE.sql [  0.00s]
07:35:06.788815 [debug]: Finished parsing models/intermediate/int__FCT_AGG_LOGS.sql [  0.00s]
07:35:06.789100 [debug]: Finished parsing models/intermediate/int__FCT_DEST_AGG.sql [  0.00s]
07:35:06.789614 [debug]: Finished parsing models/intermediate/int__FCT_LOGS_RAW.sql [  0.00s]
07:35:06.789761 [debug]: Finished parsing models/mart/mrt__DIM_COUNTRY_FACTOR.sql [  0.00s]
07:35:06.789938 [debug]: Finished parsing models/mart/mrt__DIM_MODE_FACTOR.sql [  0.00s]
07:35:06.790570 [debug]: Finished parsing models/staging/stg_DEV_SEEDS__CO2_EMISSION.sql [  0.00s]
07:35:06.790739 [debug]: Finished parsing models/staging/stg_DEV_SEEDS__DIM_CARBON_TAX_RATES.sql [  0.00s]
07:35:06.790964 [debug]: Finished parsing models/staging/stg_DEV_SEEDS__DIM_TRANSPORT_FUEL.sql [  0.00s]
07:35:06.791309 [debug]: Finished parsing models/staging/stg_DEV_SEEDS__FCT_FUEL_PRICES.sql [  0.00s]
07:35:06.791959 [debug]: Finished parsing models/staging/stg_DEV_SEEDS__MAIN_PORTS.sql [  0.00s]
07:35:06.792185 [debug]: Finished parsing models/staging/stg_RAW__GLOBAL_SUPPLY_CHAIN_RISK_2024_2026.sql [  0.00s]
07:35:06.849799 [info ]: Finished parsing [  0.12s]
07:35:06.851666 [info ]: Cached model count updated: 12 models (estimate)
07:35:06.851675 [info ]: Cached model count updated: 12 models (accurate)
07:35:06.852557 [info ]: Started scheduling
07:35:06.854296 [info ]: Finished scheduling [  0.00s]
07:35:06.854310 [debug]: Compilation - 0 nodes selected: {}
07:35:06.854818 [warn ]: [NoNodesForSelectionCriteria (dbt1092)]: The selection criterion '' does not match any enabled nodes
07:35:06.854893 [warn ]: [NoNodesSelected (dbt1601)]: Nothing to do. Try checking your model configs and model specification args
07:35:06.854981 [info ]: Started scheduling
07:35:06.855354 [info ]: Finished scheduling [  0.00s]
07:35:06.857509 [debug]: Initializing schema store with entry: Frontier(CanonicalFqn { catalog: "DBT_LOGISTICS", schema: "DEV_SEEDS", table: "CO2_EMISSION" }) and interval: None
07:35:06.857594 [debug]: Initializing schema store with entry: Frontier(CanonicalFqn { catalog: "DBT_LOGISTICS", schema: "DEV_SEEDS", table: "DIM_TRANSPORT_FUEL" }) and interval: None
07:35:06.857599 [debug]: Initializing schema store with entry: Frontier(CanonicalFqn { catalog: "DBT_LOGISTICS", schema: "DEV_SEEDS", table: "MAIN_PORTS" }) and interval: None
07:35:06.857602 [debug]: Initializing schema store with entry: Frontier(CanonicalFqn { catalog: "DBT_LOGISTICS", schema: "DEV_SEEDS", table: "DIM_CARBON_TAX_RATES" }) and interval: None
07:35:06.857606 [debug]: Initializing schema store with entry: Frontier(CanonicalFqn { catalog: "DBT_LOGISTICS", schema: "DEV_SEEDS", table: "FCT_FUEL_PRICES" }) and interval: None
07:35:06.857609 [debug]: Initializing schema store with entry: Frontier(CanonicalFqn { catalog: "DBT_LOGISTICS", schema: "RAW", table: "GLOBAL_SUPPLY_CHAIN_RISK_2024_2026" }) and interval: None
07:35:06.943128 [debug]: No platform credentials found, skipping remote license
07:35:06.943458 [debug]: Trial license from file /Users/uramasaharu/.dbt/license.trial is expired
07:35:06.944084 [debug]: License check failed: Feature not licensed: 'lineage'
07:35:06.975514 [info ]: Started building task graph
07:35:06.976169 [info ]: Finished building task graph [  0.00s]
07:35:06.998975 [info ]: Started scheduling
07:35:06.999005 [info ]: Finished scheduling [  0.00s]
07:35:06.999628 [info ]: Cached model count updated: 12 models (accurate)
07:35:08.184047 [info ]: Started loading project
07:35:08.184568 [info ]: Loading ~/.dbt/profiles.yml
07:35:08.209735 [info ]: Cached model count updated: 12 models (estimate)
07:35:08.209768 [info ]: Cached model count updated: 12 models (accurate)
07:35:08.209820 [info ]: Started scheduling
07:35:08.209984 [info ]: Finished scheduling [  0.00s]
07:35:08.210002 [debug]: Compilation - 17 nodes selected: {"model.logistics_simulator_v2.int__FCT_AGG_FUEL_PRICE", "model.logistics_simulator_v2.int__FCT_AGG_LOGS", "model.logistics_simulator_v2.int__FCT_DEST_AGG", "model.logistics_simulator_v2.int__FCT_LOGS_RAW", "model.logistics_simulator_v2.mrt__DIM_COUNTRY_FACTOR", "model.logistics_simulator_v2.mrt__DIM_MODE_FACTOR", "model.logistics_simulator_v2.stg_DEV_SEEDS__CO2_EMISSION", "model.logistics_simulator_v2.stg_DEV_SEEDS__DIM_CARBON_TAX_RATES", "model.logistics_simulator_v2.stg_DEV_SEEDS__DIM_TRANSPORT_FUEL", "model.logistics_simulator_v2.stg_DEV_SEEDS__FCT_FUEL_PRICES", "model.logistics_simulator_v2.stg_DEV_SEEDS__MAIN_PORTS", "model.logistics_simulator_v2.stg_RAW__GLOBAL_SUPPLY_CHAIN_RISK_2024_2026", "seed.logistics_simulator_v2.CO2_EMISSION", "seed.logistics_simulator_v2.DIM_CARBON_TAX_RATES", "seed.logistics_simulator_v2.DIM_TRANSPORT_FUEL", "seed.logistics_simulator_v2.FCT_FUEL_PRICES", "seed.logistics_simulator_v2.MAIN_PORTS"}
07:35:08.210855 [debug]: License check failed: Feature not licensed: 'lineage'
07:35:08.249671 [info ]: Started building task graph
07:35:08.250718 [info ]: Finished building task graph [  0.00s]
07:35:08.250792 [info ]: Finished loading project [  0.07s]
07:35:08.264929 [info ]: Started rendering (17 nodes)
07:35:08.264953 [info ]: Started seed PUBLIC_SEEDS.MAIN_PORTS
07:35:08.264969 [debug]: Started rendering seed PUBLIC_SEEDS.MAIN_PORTS
07:35:08.264978 [info ]: Started seed PUBLIC_SEEDS.FCT_FUEL_PRICES
07:35:08.264982 [debug]: Started rendering seed PUBLIC_SEEDS.FCT_FUEL_PRICES
07:35:08.264988 [info ]: Started seed PUBLIC_SEEDS.DIM_TRANSPORT_FUEL
07:35:08.264991 [debug]: Started rendering seed PUBLIC_SEEDS.DIM_TRANSPORT_FUEL
07:35:08.264995 [info ]: Started seed PUBLIC_SEEDS.DIM_CARBON_TAX_RATES
07:35:08.264997 [debug]: Started rendering seed PUBLIC_SEEDS.DIM_CARBON_TAX_RATES
07:35:08.265001 [info ]: Started seed PUBLIC_SEEDS.CO2_EMISSION
07:35:08.265004 [debug]: Started rendering seed PUBLIC_SEEDS.CO2_EMISSION
07:35:08.265008 [info ]: Started model PUBLIC_ANALYTICS.mrt__DIM_MODE_FACTOR
07:35:08.265010 [debug]: Started rendering model PUBLIC_ANALYTICS.mrt__DIM_MODE_FACTOR
07:35:08.265014 [info ]: Started model PUBLIC_ANALYTICS.mrt__DIM_COUNTRY_FACTOR
07:35:08.265017 [debug]: Started rendering model PUBLIC_ANALYTICS.mrt__DIM_COUNTRY_FACTOR
07:35:08.265021 [info ]: Started model PUBLIC_STAGING.stg_DEV_SEEDS__DIM_TRANSPORT_FUEL
07:35:08.265024 [debug]: Started rendering model PUBLIC_STAGING.stg_DEV_SEEDS__DIM_TRANSPORT_FUEL
07:35:08.265028 [info ]: Started model PUBLIC_STAGING.stg_DEV_SEEDS__DIM_CARBON_TAX_RATES
07:35:08.265031 [debug]: Started rendering model PUBLIC_STAGING.stg_DEV_SEEDS__DIM_CARBON_TAX_RATES
07:35:08.265035 [info ]: Started model PUBLIC_STAGING.stg_DEV_SEEDS__CO2_EMISSION
07:35:08.265038 [debug]: Started rendering model PUBLIC_STAGING.stg_DEV_SEEDS__CO2_EMISSION
07:35:08.265041 [info ]: Started model PUBLIC_INTERMEDIATE.int__FCT_DEST_AGG
07:35:08.265044 [debug]: Started rendering model PUBLIC_INTERMEDIATE.int__FCT_DEST_AGG
07:35:08.265048 [info ]: Started model PUBLIC_INTERMEDIATE.int__FCT_AGG_LOGS
07:35:08.265050 [debug]: Started rendering model PUBLIC_INTERMEDIATE.int__FCT_AGG_LOGS
07:35:08.265053 [info ]: Started model PUBLIC_INTERMEDIATE.int__FCT_LOGS_RAW
07:35:08.265056 [debug]: Started rendering model PUBLIC_INTERMEDIATE.int__FCT_LOGS_RAW
07:35:08.265060 [info ]: Started model PUBLIC_STAGING.stg_RAW__GLOBAL_SUPPLY_CHAIN_RISK_2024_2026
07:35:08.265064 [debug]: Started rendering model PUBLIC_STAGING.stg_RAW__GLOBAL_SUPPLY_CHAIN_RISK_2024_2026
07:35:08.265069 [info ]: Started model PUBLIC_STAGING.stg_DEV_SEEDS__MAIN_PORTS
07:35:08.265072 [debug]: Started rendering model PUBLIC_STAGING.stg_DEV_SEEDS__MAIN_PORTS
07:35:08.265078 [info ]: Started model PUBLIC_INTERMEDIATE.int__FCT_AGG_FUEL_PRICE
07:35:08.265081 [debug]: Started rendering model PUBLIC_INTERMEDIATE.int__FCT_AGG_FUEL_PRICE
07:35:08.265085 [info ]: Started model PUBLIC_STAGING.stg_DEV_SEEDS__FCT_FUEL_PRICES
07:35:08.265088 [debug]: Started rendering model PUBLIC_STAGING.stg_DEV_SEEDS__FCT_FUEL_PRICES
07:35:08.265899 [debug]: Finished rendering [  0.00s] seed PUBLIC_SEEDS.MAIN_PORTS [success]
07:35:08.265909 [info ]:  Succeeded [-------] seed  PUBLIC_SEEDS.MAIN_PORTS (table)
07:35:08.266422 [debug]: Finished rendering [  0.00s] seed PUBLIC_SEEDS.DIM_TRANSPORT_FUEL [success]
07:35:08.266426 [info ]:  Succeeded [  0.00s] seed  PUBLIC_SEEDS.DIM_TRANSPORT_FUEL (table)
07:35:08.266432 [debug]: Finished rendering [  0.00s] seed PUBLIC_SEEDS.DIM_CARBON_TAX_RATES [success]
07:35:08.266434 [info ]:  Succeeded [  0.00s] seed  PUBLIC_SEEDS.DIM_CARBON_TAX_RATES (table)
07:35:08.266438 [debug]: Finished rendering [  0.00s] seed PUBLIC_SEEDS.CO2_EMISSION [success]
07:35:08.266441 [info ]:  Succeeded [  0.00s] seed  PUBLIC_SEEDS.CO2_EMISSION (table)
07:35:08.266445 [debug]: Finished rendering [  0.00s] seed PUBLIC_SEEDS.FCT_FUEL_PRICES [success]
07:35:08.266448 [info ]:  Succeeded [  0.00s] seed  PUBLIC_SEEDS.FCT_FUEL_PRICES (table)
07:35:08.269614 [debug]: Compiled SQL for node model.logistics_simulator_v2.int__FCT_AGG_FUEL_PRICE at target/.lsp/compiled/logistics_simulator_v2/models/intermediate/int__FCT_AGG_FUEL_PRICE.sql
07:35:08.269621 [debug]: Compiled SQL for node model.logistics_simulator_v2.mrt__DIM_MODE_FACTOR at target/.lsp/compiled/logistics_simulator_v2/models/mart/mrt__DIM_MODE_FACTOR.sql
07:35:08.269614 [debug]: Compiled SQL for node model.logistics_simulator_v2.int__FCT_AGG_LOGS at target/.lsp/compiled/logistics_simulator_v2/models/intermediate/int__FCT_AGG_LOGS.sql
07:35:08.269611 [debug]: Compiled SQL for node model.logistics_simulator_v2.int__FCT_DEST_AGG at target/.lsp/compiled/logistics_simulator_v2/models/intermediate/int__FCT_DEST_AGG.sql
07:35:08.269626 [debug]: Compiled SQL for node model.logistics_simulator_v2.int__FCT_LOGS_RAW at target/.lsp/compiled/logistics_simulator_v2/models/intermediate/int__FCT_LOGS_RAW.sql
07:35:08.269691 [debug]: Finished rendering [  0.00s] model PUBLIC_INTERMEDIATE.int__FCT_AGG_FUEL_PRICE [success]
07:35:08.269610 [debug]: Compiled SQL for node model.logistics_simulator_v2.mrt__DIM_COUNTRY_FACTOR at target/.lsp/compiled/logistics_simulator_v2/models/mart/mrt__DIM_COUNTRY_FACTOR.sql
07:35:08.270340 [info ]: Started analyzing (12 nodes)
07:35:08.270418 [debug]: Started analyzing model PUBLIC_INTERMEDIATE.int__FCT_AGG_FUEL_PRICE
07:35:08.270461 [debug]: Finished rendering [  0.01s] model PUBLIC_ANALYTICS.mrt__DIM_MODE_FACTOR [success]
07:35:08.270469 [debug]: Started analyzing model PUBLIC_ANALYTICS.mrt__DIM_MODE_FACTOR
07:35:08.270476 [debug]: Finished rendering [  0.01s] model PUBLIC_INTERMEDIATE.int__FCT_DEST_AGG [success]
07:35:08.270480 [debug]: Started analyzing model PUBLIC_INTERMEDIATE.int__FCT_DEST_AGG
07:35:08.270486 [debug]: Finished rendering [  0.01s] model PUBLIC_INTERMEDIATE.int__FCT_AGG_LOGS [success]
07:35:08.270490 [debug]: Started analyzing model PUBLIC_INTERMEDIATE.int__FCT_AGG_LOGS
07:35:08.270495 [debug]: Finished rendering [  0.01s] model PUBLIC_INTERMEDIATE.int__FCT_LOGS_RAW [success]
07:35:08.270498 [debug]: Started analyzing model PUBLIC_INTERMEDIATE.int__FCT_LOGS_RAW
07:35:08.270502 [debug]: Finished rendering [  0.01s] model PUBLIC_ANALYTICS.mrt__DIM_COUNTRY_FACTOR [success]
07:35:08.270505 [debug]: Started analyzing model PUBLIC_ANALYTICS.mrt__DIM_COUNTRY_FACTOR
07:35:08.279901 [debug]: Compiled SQL for node model.logistics_simulator_v2.stg_DEV_SEEDS__FCT_FUEL_PRICES at target/.lsp/compiled/logistics_simulator_v2/models/staging/stg_DEV_SEEDS__FCT_FUEL_PRICES.sql
07:35:08.279913 [debug]: Compiled SQL for node model.logistics_simulator_v2.stg_DEV_SEEDS__DIM_TRANSPORT_FUEL at target/.lsp/compiled/logistics_simulator_v2/models/staging/stg_DEV_SEEDS__DIM_TRANSPORT_FUEL.sql
07:35:08.279934 [debug]: Compiled SQL for node model.logistics_simulator_v2.stg_DEV_SEEDS__DIM_CARBON_TAX_RATES at target/.lsp/compiled/logistics_simulator_v2/models/staging/stg_DEV_SEEDS__DIM_CARBON_TAX_RATES.sql
07:35:08.279961 [debug]: Finished rendering [  0.01s] model PUBLIC_STAGING.stg_DEV_SEEDS__FCT_FUEL_PRICES [success]
07:35:08.279976 [debug]: Started analyzing model PUBLIC_STAGING.stg_DEV_SEEDS__FCT_FUEL_PRICES
07:35:08.279988 [debug]: Finished rendering [  0.01s] model PUBLIC_STAGING.stg_DEV_SEEDS__DIM_TRANSPORT_FUEL [success]
07:35:08.279993 [debug]: Started analyzing model PUBLIC_STAGING.stg_DEV_SEEDS__DIM_TRANSPORT_FUEL
07:35:08.279999 [debug]: Finished rendering [  0.01s] model PUBLIC_STAGING.stg_DEV_SEEDS__DIM_CARBON_TAX_RATES [success]
07:35:08.280003 [debug]: Started analyzing model PUBLIC_STAGING.stg_DEV_SEEDS__DIM_CARBON_TAX_RATES
07:35:08.280322 [debug]: Compiled SQL for node model.logistics_simulator_v2.stg_DEV_SEEDS__CO2_EMISSION at target/.lsp/compiled/logistics_simulator_v2/models/staging/stg_DEV_SEEDS__CO2_EMISSION.sql
07:35:08.280364 [debug]: Finished rendering [  0.02s] model PUBLIC_STAGING.stg_DEV_SEEDS__CO2_EMISSION [success]
07:35:08.280375 [debug]: Started analyzing model PUBLIC_STAGING.stg_DEV_SEEDS__CO2_EMISSION
07:35:08.280782 [debug]: Compiled SQL for node model.logistics_simulator_v2.stg_DEV_SEEDS__MAIN_PORTS at target/.lsp/compiled/logistics_simulator_v2/models/staging/stg_DEV_SEEDS__MAIN_PORTS.sql
07:35:08.280996 [debug]: Compiled SQL for node model.logistics_simulator_v2.stg_RAW__GLOBAL_SUPPLY_CHAIN_RISK_2024_2026 at target/.lsp/compiled/logistics_simulator_v2/models/staging/stg_RAW__GLOBAL_SUPPLY_CHAIN_RISK_2024_2026.sql
07:35:08.293206 [debug]: Finished analyzing [  0.01s] model PUBLIC_STAGING.stg_DEV_SEEDS__DIM_CARBON_TAX_RATES [success]
07:35:08.293217 [info ]:  Succeeded [  0.03s] model PUBLIC_STAGING.stg_DEV_SEEDS__DIM_CARBON_TAX_RATES (view)
07:35:08.293229 [debug]: Finished analyzing [  0.01s] model PUBLIC_STAGING.stg_DEV_SEEDS__FCT_FUEL_PRICES [success]
07:35:08.293231 [info ]:  Succeeded [  0.03s] model PUBLIC_STAGING.stg_DEV_SEEDS__FCT_FUEL_PRICES (view)
07:35:08.293237 [debug]: Finished analyzing [  0.01s] model PUBLIC_STAGING.stg_DEV_SEEDS__DIM_TRANSPORT_FUEL [success]
07:35:08.293239 [info ]:  Succeeded [  0.03s] model PUBLIC_STAGING.stg_DEV_SEEDS__DIM_TRANSPORT_FUEL (view)
07:35:08.293244 [debug]: Finished analyzing [  0.02s] model PUBLIC_ANALYTICS.mrt__DIM_COUNTRY_FACTOR [success]
07:35:08.293247 [info ]:  Succeeded [  0.03s] model PUBLIC_ANALYTICS.mrt__DIM_COUNTRY_FACTOR (table)
07:35:08.293253 [debug]: Finished rendering [  0.03s] model PUBLIC_STAGING.stg_DEV_SEEDS__MAIN_PORTS [success]
07:35:08.293259 [debug]: Started analyzing model PUBLIC_STAGING.stg_DEV_SEEDS__MAIN_PORTS
07:35:08.293268 [debug]: Finished rendering [  0.03s] model PUBLIC_STAGING.stg_RAW__GLOBAL_SUPPLY_CHAIN_RISK_2024_2026 [success]
07:35:08.293272 [info ]: Finished rendering [  0.03s] (17 nodes, 0 skipped, 0 errors)
07:35:08.293275 [debug]: Started analyzing model PUBLIC_STAGING.stg_RAW__GLOBAL_SUPPLY_CHAIN_RISK_2024_2026
07:35:08.293280 [debug]: Finished analyzing [  0.01s] model PUBLIC_STAGING.stg_DEV_SEEDS__CO2_EMISSION [success]
07:35:08.293282 [info ]:  Succeeded [  0.03s] model PUBLIC_STAGING.stg_DEV_SEEDS__CO2_EMISSION (view)
07:35:08.293437 [debug]: Finished analyzing [  0.00s] model PUBLIC_STAGING.stg_DEV_SEEDS__MAIN_PORTS [success]
07:35:08.293452 [info ]:  Succeeded [  0.03s] model PUBLIC_STAGING.stg_DEV_SEEDS__MAIN_PORTS (view)
07:35:08.293560 [debug]: Finished analyzing [  0.00s] model PUBLIC_STAGING.stg_RAW__GLOBAL_SUPPLY_CHAIN_RISK_2024_2026 [success]
07:35:08.293568 [info ]:  Succeeded [  0.03s] model PUBLIC_STAGING.stg_RAW__GLOBAL_SUPPLY_CHAIN_RISK_2024_2026 (view)
07:35:08.293645 [debug]: Finished analyzing [  0.02s] model PUBLIC_INTERMEDIATE.int__FCT_LOGS_RAW [success]
07:35:08.293651 [info ]:  Succeeded [  0.03s] model PUBLIC_INTERMEDIATE.int__FCT_LOGS_RAW (view)
07:35:08.294110 [debug]: Finished analyzing [  0.02s] model PUBLIC_INTERMEDIATE.int__FCT_AGG_FUEL_PRICE [success]
07:35:08.294115 [info ]:  Succeeded [  0.03s] model PUBLIC_INTERMEDIATE.int__FCT_AGG_FUEL_PRICE (view)
07:35:08.294126 [debug]: Finished analyzing [  0.02s] model PUBLIC_INTERMEDIATE.int__FCT_DEST_AGG [success]
07:35:08.294130 [info ]:  Succeeded [  0.03s] model PUBLIC_INTERMEDIATE.int__FCT_DEST_AGG (view)
07:35:08.294178 [debug]: Finished analyzing [  0.02s] model PUBLIC_ANALYTICS.mrt__DIM_MODE_FACTOR [success]
07:35:08.294184 [info ]:  Succeeded [  0.03s] model PUBLIC_ANALYTICS.mrt__DIM_MODE_FACTOR (table)
07:35:08.294290 [debug]: Finished analyzing [  0.02s] model PUBLIC_INTERMEDIATE.int__FCT_AGG_LOGS [success]
07:35:08.294295 [info ]: Finished analyzing [  0.02s] (12 nodes, 0 skipped, 0 errors)
07:35:08.294298 [info ]:  Succeeded [  0.03s] model PUBLIC_INTERMEDIATE.int__FCT_AGG_LOGS (view)
07:35:08.295887 [info ]: Started scheduling
07:35:08.295916 [info ]: Finished scheduling [  0.00s]
07:35:08.296081 [info ]: Cached model count updated: 12 models (accurate)
07:44:52.638309 [debug]: License check failed: Feature not licensed: 'lineage'
07:55:27.630327 [debug]: License check failed: Feature not licensed: 'lineage'
==================== 2026-08-22T08:23:14.321380Z | 00000000-0000-0000-0000-000000000000 ====================
==================== 2026-08-22T08:23:14.321726Z | c7ef14f0-4aa5-476c-9580-741c208261eb ====================
08:23:14.322476 [info ]: Starting dbt LSP server
08:23:14.322819 [info ]: Connecting to LSP client on port 8000
08:23:14.323156 [info ]: Successfully connected to LSP client
08:23:14.323283 [info ]: Creating LSP service...
08:23:14.328507 [info ]: Creating LSP server...
08:23:14.328519 [info ]: Starting LSP server...
08:23:14.361879 [info ]: Loading ~/.dbt/profiles.yml
08:23:14.416090 [info ]: Started loading project
08:23:14.420042 [info ]: Loading ~/.dbt/profiles.yml
08:23:14.547188 [info ]:    Started resolving packages from packages.yml
08:23:15.112526 [info ]:   Finished [  0.57s] resolving packages from packages.yml (2 items)
08:23:15.113639 [debug]:    Started loading packages
08:23:15.118443 [debug]:     Loaded [  0.00s] packages
08:23:15.120627 [info ]: Finished loading project [  0.70s]
08:23:15.123237 [info ]: Started parsing
08:23:15.167728 [debug]: Finished parsing models/intermediate/_schema.yml [  0.00s]
08:23:15.168469 [debug]: Finished parsing models/staging/_schema.yml [  0.00s]
08:23:15.168851 [debug]: Finished parsing models/staging/_src__KAGGLE_LOGISTICS.yml [  0.00s]
08:23:15.182179 [debug]: Finished parsing models/intermediate/int__FCT_AGG_FUEL_PRICE.sql [  0.00s]
08:23:15.182451 [debug]: Finished parsing models/intermediate/int__FCT_AGG_LOGS.sql [  0.00s]
08:23:15.182786 [debug]: Finished parsing models/intermediate/int__FCT_DEST_AGG.sql [  0.00s]
08:23:15.183557 [debug]: Finished parsing models/intermediate/int__FCT_LOGS_RAW.sql [  0.00s]
08:23:15.184153 [debug]: Finished parsing models/mart/mrt__DIM_COUNTRY_FACTOR.sql [  0.00s]
08:23:15.184544 [debug]: Finished parsing models/mart/mrt__DIM_MODE_FACTOR.sql [  0.00s]
08:23:15.185232 [debug]: Finished parsing models/staging/stg_DEV_SEEDS__CO2_EMISSION.sql [  0.00s]
08:23:15.185467 [debug]: Finished parsing models/staging/stg_DEV_SEEDS__DIM_CARBON_TAX_RATES.sql [  0.00s]
08:23:15.185743 [debug]: Finished parsing models/staging/stg_DEV_SEEDS__DIM_TRANSPORT_FUEL.sql [  0.00s]
08:23:15.185976 [debug]: Finished parsing models/staging/stg_DEV_SEEDS__FCT_FUEL_PRICES.sql [  0.00s]
08:23:15.186700 [debug]: Finished parsing models/staging/stg_DEV_SEEDS__MAIN_PORTS.sql [  0.00s]
08:23:15.186977 [debug]: Finished parsing models/staging/stg_RAW__GLOBAL_SUPPLY_CHAIN_RISK_2024_2026.sql [  0.00s]
08:23:15.250740 [info ]: Finished parsing [  0.13s]
08:23:15.252325 [info ]: Cached model count updated: 12 models (estimate)
08:23:15.252333 [info ]: Cached model count updated: 12 models (accurate)
08:23:15.252978 [info ]: Started scheduling
08:23:15.254857 [info ]: Finished scheduling [  0.00s]
08:23:15.254995 [debug]: Compilation - 0 nodes selected: {}
08:23:15.255044 [warn ]: [NoNodesForSelectionCriteria (dbt1092)]: The selection criterion '+source:logistics_simulator_v2.DEV_SEEDS.DIM_CARBON_TAX_RATES +source:logistics_simulator_v2.DEV_SEEDS.DIM_TRANSPORT_FUEL +source:logistics_simulator_v2.DEV_SEEDS.MAIN_PORTS +source:logistics_simulator_v2.DEV_SEEDS.FCT_FUEL_PRICES +source:logistics_simulator_v2.DEV_SEEDS.CO2_EMISSION +source:logistics_simulator_v2.RAW.GLOBAL_SUPPLY_CHAIN_RISK_2024_2026' does not match any enabled nodes
08:23:15.255065 [warn ]: [NoNodesSelected (dbt1601)]: Nothing to do. Try checking your model configs and model specification args
08:23:15.255171 [info ]: Started scheduling
08:23:15.255548 [info ]: Finished scheduling [  0.00s]
08:23:15.257398 [debug]: Initializing schema store with entry: Frontier(CanonicalFqn { catalog: "DBT_LOGISTICS", schema: "DEV_SEEDS", table: "CO2_EMISSION" }) and interval: None
08:23:15.257473 [debug]: Initializing schema store with entry: Frontier(CanonicalFqn { catalog: "DBT_LOGISTICS", schema: "DEV_SEEDS", table: "DIM_TRANSPORT_FUEL" }) and interval: None
08:23:15.257478 [debug]: Initializing schema store with entry: Frontier(CanonicalFqn { catalog: "DBT_LOGISTICS", schema: "DEV_SEEDS", table: "MAIN_PORTS" }) and interval: None
08:23:15.257482 [debug]: Initializing schema store with entry: Frontier(CanonicalFqn { catalog: "DBT_LOGISTICS", schema: "DEV_SEEDS", table: "DIM_CARBON_TAX_RATES" }) and interval: None
08:23:15.257486 [debug]: Initializing schema store with entry: Frontier(CanonicalFqn { catalog: "DBT_LOGISTICS", schema: "DEV_SEEDS", table: "FCT_FUEL_PRICES" }) and interval: None
08:23:15.257489 [debug]: Initializing schema store with entry: Frontier(CanonicalFqn { catalog: "DBT_LOGISTICS", schema: "RAW", table: "GLOBAL_SUPPLY_CHAIN_RISK_2024_2026" }) and interval: None
08:23:15.350616 [debug]: No platform credentials found, skipping remote license
08:23:15.350738 [debug]: Trial license from file /Users/uramasaharu/.dbt/license.trial is expired
08:23:15.351285 [debug]: License check failed: Feature not licensed: 'lineage'
08:23:15.386281 [info ]: Started building task graph
08:23:15.387297 [info ]: Finished building task graph [  0.00s]
08:23:15.413431 [info ]: Started scheduling
08:23:15.413467 [info ]: Finished scheduling [  0.00s]
08:23:15.413919 [info ]: Cached model count updated: 12 models (accurate)
08:23:16.591922 [info ]: Started loading project
08:23:16.592422 [info ]: Loading ~/.dbt/profiles.yml
08:23:16.619805 [info ]: Cached model count updated: 12 models (estimate)
08:23:16.619833 [info ]: Cached model count updated: 12 models (accurate)
08:23:16.619885 [info ]: Started scheduling
08:23:16.620055 [info ]: Finished scheduling [  0.00s]
08:23:16.620074 [debug]: Compilation - 17 nodes selected: {"model.logistics_simulator_v2.int__FCT_AGG_FUEL_PRICE", "model.logistics_simulator_v2.int__FCT_AGG_LOGS", "model.logistics_simulator_v2.int__FCT_DEST_AGG", "model.logistics_simulator_v2.int__FCT_LOGS_RAW", "model.logistics_simulator_v2.mrt__DIM_COUNTRY_FACTOR", "model.logistics_simulator_v2.mrt__DIM_MODE_FACTOR", "model.logistics_simulator_v2.stg_DEV_SEEDS__CO2_EMISSION", "model.logistics_simulator_v2.stg_DEV_SEEDS__DIM_CARBON_TAX_RATES", "model.logistics_simulator_v2.stg_DEV_SEEDS__DIM_TRANSPORT_FUEL", "model.logistics_simulator_v2.stg_DEV_SEEDS__FCT_FUEL_PRICES", "model.logistics_simulator_v2.stg_DEV_SEEDS__MAIN_PORTS", "model.logistics_simulator_v2.stg_RAW__GLOBAL_SUPPLY_CHAIN_RISK_2024_2026", "seed.logistics_simulator_v2.CO2_EMISSION", "seed.logistics_simulator_v2.DIM_CARBON_TAX_RATES", "seed.logistics_simulator_v2.DIM_TRANSPORT_FUEL", "seed.logistics_simulator_v2.FCT_FUEL_PRICES", "seed.logistics_simulator_v2.MAIN_PORTS"}
08:23:16.620948 [debug]: License check failed: Feature not licensed: 'lineage'
08:23:16.659831 [info ]: Started building task graph
08:23:16.661238 [info ]: Finished building task graph [  0.00s]
08:23:16.661300 [info ]: Finished loading project [  0.07s]
08:23:16.676655 [info ]: Started rendering (17 nodes)
08:23:16.676678 [info ]: Started seed PUBLIC_SEEDS.MAIN_PORTS
08:23:16.676695 [debug]: Started rendering seed PUBLIC_SEEDS.MAIN_PORTS
08:23:16.676704 [info ]: Started seed PUBLIC_SEEDS.FCT_FUEL_PRICES
08:23:16.676707 [debug]: Started rendering seed PUBLIC_SEEDS.FCT_FUEL_PRICES
08:23:16.676712 [info ]: Started seed PUBLIC_SEEDS.DIM_TRANSPORT_FUEL
08:23:16.676714 [debug]: Started rendering seed PUBLIC_SEEDS.DIM_TRANSPORT_FUEL
08:23:16.676717 [info ]: Started seed PUBLIC_SEEDS.DIM_CARBON_TAX_RATES
08:23:16.676722 [debug]: Started rendering seed PUBLIC_SEEDS.DIM_CARBON_TAX_RATES
08:23:16.676726 [info ]: Started seed PUBLIC_SEEDS.CO2_EMISSION
08:23:16.676728 [debug]: Started rendering seed PUBLIC_SEEDS.CO2_EMISSION
08:23:16.676734 [info ]: Started model PUBLIC_ANALYTICS.mrt__DIM_MODE_FACTOR
08:23:16.676737 [debug]: Started rendering model PUBLIC_ANALYTICS.mrt__DIM_MODE_FACTOR
08:23:16.676741 [info ]: Started model PUBLIC_ANALYTICS.mrt__DIM_COUNTRY_FACTOR
08:23:16.676744 [debug]: Started rendering model PUBLIC_ANALYTICS.mrt__DIM_COUNTRY_FACTOR
08:23:16.676747 [info ]: Started model PUBLIC_STAGING.stg_DEV_SEEDS__DIM_TRANSPORT_FUEL
08:23:16.676750 [debug]: Started rendering model PUBLIC_STAGING.stg_DEV_SEEDS__DIM_TRANSPORT_FUEL
08:23:16.676755 [info ]: Started model PUBLIC_STAGING.stg_DEV_SEEDS__DIM_CARBON_TAX_RATES
08:23:16.676758 [debug]: Started rendering model PUBLIC_STAGING.stg_DEV_SEEDS__DIM_CARBON_TAX_RATES
08:23:16.676761 [info ]: Started model PUBLIC_STAGING.stg_DEV_SEEDS__CO2_EMISSION
08:23:16.676764 [debug]: Started rendering model PUBLIC_STAGING.stg_DEV_SEEDS__CO2_EMISSION
08:23:16.676768 [info ]: Started model PUBLIC_INTERMEDIATE.int__FCT_DEST_AGG
08:23:16.676770 [debug]: Started rendering model PUBLIC_INTERMEDIATE.int__FCT_DEST_AGG
08:23:16.676774 [info ]: Started model PUBLIC_INTERMEDIATE.int__FCT_AGG_LOGS
08:23:16.676777 [debug]: Started rendering model PUBLIC_INTERMEDIATE.int__FCT_AGG_LOGS
08:23:16.676779 [info ]: Started model PUBLIC_INTERMEDIATE.int__FCT_LOGS_RAW
08:23:16.676782 [debug]: Started rendering model PUBLIC_INTERMEDIATE.int__FCT_LOGS_RAW
08:23:16.676785 [info ]: Started model PUBLIC_STAGING.stg_RAW__GLOBAL_SUPPLY_CHAIN_RISK_2024_2026
08:23:16.676788 [debug]: Started rendering model PUBLIC_STAGING.stg_RAW__GLOBAL_SUPPLY_CHAIN_RISK_2024_2026
08:23:16.676793 [info ]: Started model PUBLIC_STAGING.stg_DEV_SEEDS__MAIN_PORTS
08:23:16.676797 [debug]: Started rendering model PUBLIC_STAGING.stg_DEV_SEEDS__MAIN_PORTS
08:23:16.676815 [info ]: Started model PUBLIC_INTERMEDIATE.int__FCT_AGG_FUEL_PRICE
08:23:16.676819 [debug]: Started rendering model PUBLIC_INTERMEDIATE.int__FCT_AGG_FUEL_PRICE
08:23:16.676823 [info ]: Started model PUBLIC_STAGING.stg_DEV_SEEDS__FCT_FUEL_PRICES
08:23:16.676825 [debug]: Started rendering model PUBLIC_STAGING.stg_DEV_SEEDS__FCT_FUEL_PRICES
08:23:16.677801 [debug]: Finished rendering [  0.00s] seed PUBLIC_SEEDS.FCT_FUEL_PRICES [success]
08:23:16.677808 [info ]:  Succeeded [  0.00s] seed  PUBLIC_SEEDS.FCT_FUEL_PRICES (table)
08:23:16.677837 [debug]: Finished rendering [  0.00s] seed PUBLIC_SEEDS.CO2_EMISSION [success]
08:23:16.677841 [info ]:  Succeeded [  0.00s] seed  PUBLIC_SEEDS.CO2_EMISSION (table)
08:23:16.677845 [debug]: Finished rendering [  0.00s] seed PUBLIC_SEEDS.DIM_TRANSPORT_FUEL [success]
08:23:16.677849 [info ]:  Succeeded [  0.00s] seed  PUBLIC_SEEDS.DIM_TRANSPORT_FUEL (table)
08:23:16.677853 [debug]: Finished rendering [  0.00s] seed PUBLIC_SEEDS.MAIN_PORTS [success]
08:23:16.677855 [info ]:  Succeeded [  0.00s] seed  PUBLIC_SEEDS.MAIN_PORTS (table)
08:23:16.677859 [debug]: Finished rendering [  0.00s] seed PUBLIC_SEEDS.DIM_CARBON_TAX_RATES [success]
08:23:16.677861 [info ]:  Succeeded [  0.00s] seed  PUBLIC_SEEDS.DIM_CARBON_TAX_RATES (table)
08:23:16.681012 [debug]: Compiled SQL for node model.logistics_simulator_v2.int__FCT_DEST_AGG at target/.lsp/compiled/logistics_simulator_v2/models/intermediate/int__FCT_DEST_AGG.sql
08:23:16.681015 [debug]: Compiled SQL for node model.logistics_simulator_v2.mrt__DIM_COUNTRY_FACTOR at target/.lsp/compiled/logistics_simulator_v2/models/mart/mrt__DIM_COUNTRY_FACTOR.sql
08:23:16.681062 [debug]: Compiled SQL for node model.logistics_simulator_v2.int__FCT_LOGS_RAW at target/.lsp/compiled/logistics_simulator_v2/models/intermediate/int__FCT_LOGS_RAW.sql
08:23:16.681012 [debug]: Compiled SQL for node model.logistics_simulator_v2.int__FCT_AGG_FUEL_PRICE at target/.lsp/compiled/logistics_simulator_v2/models/intermediate/int__FCT_AGG_FUEL_PRICE.sql
08:23:16.681077 [debug]: Compiled SQL for node model.logistics_simulator_v2.int__FCT_AGG_LOGS at target/.lsp/compiled/logistics_simulator_v2/models/intermediate/int__FCT_AGG_LOGS.sql
08:23:16.681076 [debug]: Compiled SQL for node model.logistics_simulator_v2.mrt__DIM_MODE_FACTOR at target/.lsp/compiled/logistics_simulator_v2/models/mart/mrt__DIM_MODE_FACTOR.sql
08:23:16.681121 [debug]: Finished rendering [  0.00s] model PUBLIC_INTERMEDIATE.int__FCT_DEST_AGG [success]
08:23:16.682107 [info ]: Started analyzing (12 nodes)
08:23:16.682130 [debug]: Started analyzing model PUBLIC_INTERMEDIATE.int__FCT_DEST_AGG
08:23:16.682148 [debug]: Finished rendering [  0.01s] model PUBLIC_ANALYTICS.mrt__DIM_COUNTRY_FACTOR [success]
08:23:16.682154 [debug]: Started analyzing model PUBLIC_ANALYTICS.mrt__DIM_COUNTRY_FACTOR
08:23:16.682159 [debug]: Finished rendering [  0.01s] model PUBLIC_INTERMEDIATE.int__FCT_AGG_FUEL_PRICE [success]
08:23:16.682181 [debug]: Started analyzing model PUBLIC_INTERMEDIATE.int__FCT_AGG_FUEL_PRICE
08:23:16.682189 [debug]: Finished rendering [  0.01s] model PUBLIC_INTERMEDIATE.int__FCT_LOGS_RAW [success]
08:23:16.682194 [debug]: Started analyzing model PUBLIC_INTERMEDIATE.int__FCT_LOGS_RAW
08:23:16.682199 [debug]: Finished rendering [  0.01s] model PUBLIC_ANALYTICS.mrt__DIM_MODE_FACTOR [success]
08:23:16.682203 [debug]: Started analyzing model PUBLIC_ANALYTICS.mrt__DIM_MODE_FACTOR
08:23:16.682208 [debug]: Finished rendering [  0.01s] model PUBLIC_INTERMEDIATE.int__FCT_AGG_LOGS [success]
08:23:16.682212 [debug]: Started analyzing model PUBLIC_INTERMEDIATE.int__FCT_AGG_LOGS
08:23:16.691310 [debug]: Compiled SQL for node model.logistics_simulator_v2.stg_DEV_SEEDS__FCT_FUEL_PRICES at target/.lsp/compiled/logistics_simulator_v2/models/staging/stg_DEV_SEEDS__FCT_FUEL_PRICES.sql
08:23:16.691350 [debug]: Finished rendering [  0.01s] model PUBLIC_STAGING.stg_DEV_SEEDS__FCT_FUEL_PRICES [success]
08:23:16.691357 [debug]: Started analyzing model PUBLIC_STAGING.stg_DEV_SEEDS__FCT_FUEL_PRICES
08:23:16.691845 [debug]: Compiled SQL for node model.logistics_simulator_v2.stg_DEV_SEEDS__DIM_CARBON_TAX_RATES at target/.lsp/compiled/logistics_simulator_v2/models/staging/stg_DEV_SEEDS__DIM_CARBON_TAX_RATES.sql
08:23:16.691855 [debug]: Compiled SQL for node model.logistics_simulator_v2.stg_DEV_SEEDS__CO2_EMISSION at target/.lsp/compiled/logistics_simulator_v2/models/staging/stg_DEV_SEEDS__CO2_EMISSION.sql
08:23:16.691873 [debug]: Finished rendering [  0.02s] model PUBLIC_STAGING.stg_DEV_SEEDS__DIM_CARBON_TAX_RATES [success]
08:23:16.691881 [debug]: Started analyzing model PUBLIC_STAGING.stg_DEV_SEEDS__DIM_CARBON_TAX_RATES
08:23:16.691893 [debug]: Finished rendering [  0.02s] model PUBLIC_STAGING.stg_DEV_SEEDS__CO2_EMISSION [success]
08:23:16.691903 [debug]: Started analyzing model PUBLIC_STAGING.stg_DEV_SEEDS__CO2_EMISSION
08:23:16.691987 [debug]: Compiled SQL for node model.logistics_simulator_v2.stg_DEV_SEEDS__DIM_TRANSPORT_FUEL at target/.lsp/compiled/logistics_simulator_v2/models/staging/stg_DEV_SEEDS__DIM_TRANSPORT_FUEL.sql
08:23:16.692029 [debug]: Finished rendering [  0.02s] model PUBLIC_STAGING.stg_DEV_SEEDS__DIM_TRANSPORT_FUEL [success]
08:23:16.692035 [debug]: Started analyzing model PUBLIC_STAGING.stg_DEV_SEEDS__DIM_TRANSPORT_FUEL
08:23:16.692555 [debug]: Compiled SQL for node model.logistics_simulator_v2.stg_DEV_SEEDS__MAIN_PORTS at target/.lsp/compiled/logistics_simulator_v2/models/staging/stg_DEV_SEEDS__MAIN_PORTS.sql
08:23:16.692560 [debug]: Compiled SQL for node model.logistics_simulator_v2.stg_RAW__GLOBAL_SUPPLY_CHAIN_RISK_2024_2026 at target/.lsp/compiled/logistics_simulator_v2/models/staging/stg_RAW__GLOBAL_SUPPLY_CHAIN_RISK_2024_2026.sql
08:23:16.705935 [debug]: Finished analyzing [  0.01s] model PUBLIC_STAGING.stg_DEV_SEEDS__DIM_CARBON_TAX_RATES [success]
08:23:16.705949 [info ]:  Succeeded [  0.03s] model PUBLIC_STAGING.stg_DEV_SEEDS__DIM_CARBON_TAX_RATES (view)
08:23:16.705960 [debug]: Finished analyzing [  0.01s] model PUBLIC_STAGING.stg_DEV_SEEDS__FCT_FUEL_PRICES [success]
08:23:16.705963 [info ]:  Succeeded [  0.03s] model PUBLIC_STAGING.stg_DEV_SEEDS__FCT_FUEL_PRICES (view)
08:23:16.705969 [debug]: Finished analyzing [  0.02s] model PUBLIC_ANALYTICS.mrt__DIM_COUNTRY_FACTOR [success]
08:23:16.705971 [info ]:  Succeeded [  0.03s] model PUBLIC_ANALYTICS.mrt__DIM_COUNTRY_FACTOR (table)
08:23:16.705976 [debug]: Finished analyzing [  0.01s] model PUBLIC_STAGING.stg_DEV_SEEDS__CO2_EMISSION [success]
08:23:16.705982 [info ]:  Succeeded [  0.03s] model PUBLIC_STAGING.stg_DEV_SEEDS__CO2_EMISSION (view)
08:23:16.705987 [debug]: Finished rendering [  0.03s] model PUBLIC_STAGING.stg_DEV_SEEDS__MAIN_PORTS [success]
08:23:16.705998 [debug]: Started analyzing model PUBLIC_STAGING.stg_DEV_SEEDS__MAIN_PORTS
08:23:16.706009 [debug]: Finished rendering [  0.03s] model PUBLIC_STAGING.stg_RAW__GLOBAL_SUPPLY_CHAIN_RISK_2024_2026 [success]
08:23:16.706012 [info ]: Finished rendering [  0.03s] (17 nodes, 0 skipped, 0 errors)
08:23:16.706016 [debug]: Started analyzing model PUBLIC_STAGING.stg_RAW__GLOBAL_SUPPLY_CHAIN_RISK_2024_2026
08:23:16.706022 [debug]: Finished analyzing [  0.01s] model PUBLIC_STAGING.stg_DEV_SEEDS__DIM_TRANSPORT_FUEL [success]
08:23:16.706025 [info ]:  Succeeded [  0.03s] model PUBLIC_STAGING.stg_DEV_SEEDS__DIM_TRANSPORT_FUEL (view)
08:23:16.706127 [debug]: Finished analyzing [  0.00s] model PUBLIC_STAGING.stg_DEV_SEEDS__MAIN_PORTS [success]
08:23:16.706133 [info ]:  Succeeded [  0.03s] model PUBLIC_STAGING.stg_DEV_SEEDS__MAIN_PORTS (view)
08:23:16.706174 [debug]: Finished analyzing [  0.02s] model PUBLIC_INTERMEDIATE.int__FCT_LOGS_RAW [success]
08:23:16.706178 [info ]:  Succeeded [  0.03s] model PUBLIC_INTERMEDIATE.int__FCT_LOGS_RAW (view)
08:23:16.706186 [debug]: Finished analyzing [  0.02s] model PUBLIC_INTERMEDIATE.int__FCT_AGG_FUEL_PRICE [success]
08:23:16.706191 [info ]:  Succeeded [  0.03s] model PUBLIC_INTERMEDIATE.int__FCT_AGG_FUEL_PRICE (view)
08:23:16.706273 [debug]: Finished analyzing [  0.00s] model PUBLIC_STAGING.stg_RAW__GLOBAL_SUPPLY_CHAIN_RISK_2024_2026 [success]
08:23:16.706279 [info ]:  Succeeded [  0.03s] model PUBLIC_STAGING.stg_RAW__GLOBAL_SUPPLY_CHAIN_RISK_2024_2026 (view)
08:23:16.706545 [debug]: Finished analyzing [  0.02s] model PUBLIC_ANALYTICS.mrt__DIM_MODE_FACTOR [success]
08:23:16.706549 [info ]:  Succeeded [  0.03s] model PUBLIC_ANALYTICS.mrt__DIM_MODE_FACTOR (table)
08:23:16.706691 [debug]: Finished analyzing [  0.02s] model PUBLIC_INTERMEDIATE.int__FCT_DEST_AGG [success]
08:23:16.706695 [info ]:  Succeeded [  0.03s] model PUBLIC_INTERMEDIATE.int__FCT_DEST_AGG (view)
08:23:16.706853 [debug]: Finished analyzing [  0.02s] model PUBLIC_INTERMEDIATE.int__FCT_AGG_LOGS [success]
08:23:16.706857 [info ]: Finished analyzing [  0.02s] (12 nodes, 0 skipped, 0 errors)
08:23:16.706861 [info ]:  Succeeded [  0.03s] model PUBLIC_INTERMEDIATE.int__FCT_AGG_LOGS (view)
08:23:16.708383 [info ]: Started scheduling
08:23:16.708411 [info ]: Finished scheduling [  0.00s]
08:23:16.708582 [info ]: Cached model count updated: 12 models (accurate)
